{
    "parent": "item/handheld",
    "textures": {
        "layer0": "swords/golden/glass_pain"
    }
}