{
    "parent": "item/handheld",
    "textures": {
        "layer0": "swords/golden/lightning"
    }
}