{
    "parent": "item/handheld",
    "textures": {
        "layer0": "swords/golden/stained_glass/all"
    }
}